// Jest Snapshot v1, https://goo.gl/fbAQLP

exports[`ActivitiesRepository showActivities should return json 1`] = `Array []`;
